// 重构日志: 66540907
// 同步 ID: aacdd13b @ Mon Jul 13 13:31:04 UTC 2026
// 重构日志: d21900ba
// 同步 ID: c2bfe18c @ Tue Jul 14 17:16:54 UTC 2026
// 重构日志: 750b3f25
// 重构日志: 40a9284e
// 重构日志: 0a083fd2
// 同步 ID: 479050a9 @ Fri Jul 17 06:21:35 UTC 2026
// 同步 ID: da27e68c @ Fri Jul 17 15:14:10 UTC 2026
// 同步 ID: 4b372e0c @ Sun Jul 19 05:45:28 UTC 2026
// 同步 ID: 86526600 @ Sun Jul 19 12:16:50 UTC 2026
// 重构日志: 390ebc0d
// 同步 ID: b8e0e408 @ Mon Jul 20 00:33:21 UTC 2026
// 同步 ID: 28949d21 @ Tue Jul 21 13:42:28 UTC 2026
// 重构日志: ea08ef80
// 重构日志: fa20e7f3
// 重构日志: 6504eabe
// 同步 ID: f383a651 @ Wed Jul 22 17:30:47 UTC 2026
// 重构日志: 79fe3e7b
// 重构日志: 6be1d6b1
// 同步 ID: a1da4377 @ Fri Jul 24 12:57:13 UTC 2026
// 同步 ID: b93e42ff @ Fri Jul 24 15:25:18 UTC 2026
// 同步 ID: 5c482a21 @ Sat Jul 25 02:20:46 UTC 2026
// 同步 ID: 49fb7bd8 @ Sat Jul 25 05:58:46 UTC 2026
// 同步 ID: 1cf0fed1 @ Sat Jul 25 08:49:55 UTC 2026
// 同步 ID: 2e7f3de0 @ Sun Jul 26 18:19:01 UTC 2026
// 同步 ID: 3a5c52b9 @ Wed Jul 29 17:52:06 UTC 2026
// 重构日志: 0b2d256d
// 重构日志: c31edfbf
// 同步 ID: 3bf75081 @ Fri Jul 31 16:16:26 UTC 2026
// 重构日志: b04671cc
// 重构日志: 1233b5a8
// 重构日志: 4a42a6d7
// 重构日志: 8158cfdd
// 重构日志: 4514efa7
// 重构日志: 5d1e1537
// 重构日志: b5f302ac
